violation type: Horizontal congestion
	srcs: net:RV_TO_DAC\[9\]
	comment: capacity:0 usage:1 overflow:1
	bbox = (1124.7000, 420.9000) - (1131.6000, 427.8000) on Layer -
violation type: Horizontal congestion
	srcs: net:RV_TO_DAC\[9\]
	comment: capacity:0 usage:1 overflow:1
	bbox = (1110.9000, 420.9000) - (1117.8000, 427.8000) on Layer -
violation type: Horizontal congestion
	srcs: net:RV_TO_DAC\[9\]
	comment: capacity:0 usage:1 overflow:1
	bbox = (1145.4000, 420.9000) - (1152.3000, 427.8000) on Layer -
violation type: Horizontal congestion
	srcs: net:RV_TO_DAC\[8\]
	comment: capacity:0 usage:1 overflow:1
	bbox = (1069.5000, 510.6000) - (1076.4000, 517.5000) on Layer -
violation type: Horizontal congestion
	srcs: net:RV_TO_DAC\[9\]
	comment: capacity:0 usage:1 overflow:1
	bbox = (1138.5000, 420.9000) - (1145.4000, 427.8000) on Layer -
violation type: Horizontal congestion
	srcs: net:RV_TO_DAC\[9\]
	comment: capacity:0 usage:1 overflow:1
	bbox = (1131.6000, 420.9000) - (1138.5000, 427.8000) on Layer -
violation type: Horizontal congestion
	srcs: net:RV_TO_DAC\[9\]
	comment: capacity:0 usage:1 overflow:1
	bbox = (1117.8000, 420.9000) - (1124.7000, 427.8000) on Layer -
violation type: Vertical congestion
	srcs: net:RV_TO_DAC\[8\]
	comment: capacity:0 usage:1 overflow:1
	bbox = (1069.5000, 545.1000) - (1076.4000, 552.0000) on Layer -
violation type: Vertical congestion
	srcs: net:RV_TO_DAC\[9\]
	comment: capacity:0 usage:1 overflow:1
	bbox = (1110.9000, 427.8000) - (1117.8000, 434.7000) on Layer -
violation type: Vertical congestion
	srcs: net:RV_TO_DAC\[9\]
	comment: capacity:0 usage:1 overflow:1
	bbox = (1110.9000, 448.5000) - (1117.8000, 455.4000) on Layer -
violation type: Vertical congestion
	srcs: net:RV_TO_DAC\[8\]
	comment: capacity:0 usage:1 overflow:1
	bbox = (1069.5000, 531.3000) - (1076.4000, 538.2000) on Layer -
violation type: Vertical congestion
	srcs: net:RV_TO_DAC\[8\]
	comment: capacity:0 usage:1 overflow:1
	bbox = (1069.5000, 524.4000) - (1076.4000, 531.3000) on Layer -
violation type: Vertical congestion
	srcs: net:RV_TO_DAC\[9\]
	comment: capacity:0 usage:1 overflow:1
	bbox = (1110.9000, 441.6000) - (1117.8000, 448.5000) on Layer -
violation type: Vertical congestion
	srcs: net:RV_TO_DAC\[8\]
	comment: capacity:0 usage:1 overflow:1
	bbox = (1069.5000, 510.6000) - (1076.4000, 517.5000) on Layer -
violation type: Vertical congestion
	srcs: net:RV_TO_DAC\[9\]
	comment: capacity:0 usage:1 overflow:1
	bbox = (1110.9000, 434.7000) - (1117.8000, 441.6000) on Layer -
violation type: Vertical congestion
	srcs: net:RV_TO_DAC\[8\]
	comment: capacity:0 usage:1 overflow:1
	bbox = (1069.5000, 538.2000) - (1076.4000, 545.1000) on Layer -
violation type: Vertical congestion
	srcs: net:RV_TO_DAC\[8\]
	comment: capacity:0 usage:1 overflow:1
	bbox = (1069.5000, 517.5000) - (1076.4000, 524.4000) on Layer -
violation type: Vertical congestion
	srcs: net:RV_TO_DAC\[8\]
	comment: capacity:0 usage:1 overflow:1
	bbox = (1069.5000, 552.0000) - (1076.4000, 558.9000) on Layer -
violation type: Vertical congestion
	srcs: net:RV_TO_DAC\[9\]
	comment: capacity:0 usage:1 overflow:1
	bbox = (1110.9000, 420.9000) - (1117.8000, 427.8000) on Layer -
