violation type: Horizontal congestion
	srcs: net:RV_TO_DAC\[9\]
	comment: capacity:0 usage:1 overflow:1
	bbox = (1145.4000, 462.3000) - (1152.3000, 469.2000) on Layer -
violation type: Horizontal congestion
	srcs: net:RV_TO_DAC\[9\]
	comment: capacity:0 usage:1 overflow:1
	bbox = (1117.8000, 462.3000) - (1124.7000, 469.2000) on Layer -
violation type: Horizontal congestion
	srcs: net:RV_TO_DAC\[9\]
	comment: capacity:0 usage:1 overflow:1
	bbox = (1110.9000, 462.3000) - (1117.8000, 469.2000) on Layer -
violation type: Horizontal congestion
	srcs: net:RV_TO_DAC\[9\]
	comment: capacity:0 usage:1 overflow:1
	bbox = (1138.5000, 462.3000) - (1145.4000, 469.2000) on Layer -
violation type: Horizontal congestion
	srcs: net:RV_TO_DAC\[9\]
	comment: capacity:0 usage:1 overflow:1
	bbox = (1131.6000, 462.3000) - (1138.5000, 469.2000) on Layer -
violation type: Horizontal congestion
	srcs: net:RV_TO_DAC\[9\]
	comment: capacity:0 usage:1 overflow:1
	bbox = (1124.7000, 462.3000) - (1131.6000, 469.2000) on Layer -
violation type: Vertical congestion
	srcs: net:RV_TO_DAC\[3\]
	comment: capacity:0 usage:1 overflow:1
	bbox = (393.3000, 241.5000) - (400.2000, 248.4000) on Layer -
violation type: Vertical congestion
	srcs: net:RV_TO_DAC\[3\]
	comment: capacity:0 usage:1 overflow:1
	bbox = (393.3000, 372.6000) - (400.2000, 379.5000) on Layer -
violation type: Vertical congestion
	srcs: net:RV_TO_DAC\[8\]
	comment: capacity:0 usage:1 overflow:1
	bbox = (1076.4000, 524.4000) - (1083.3000, 531.3000) on Layer -
violation type: Vertical congestion
	srcs: net:RV_TO_DAC\[3\]
	comment: capacity:0 usage:1 overflow:1
	bbox = (393.3000, 469.2000) - (400.2000, 476.1000) on Layer -
violation type: Vertical congestion
	srcs: net:RV_TO_DAC\[3\]
	comment: capacity:0 usage:1 overflow:1
	bbox = (393.3000, 117.3000) - (400.2000, 124.2000) on Layer -
violation type: Vertical congestion
	srcs: net:RV_TO_DAC\[3\]
	comment: capacity:0 usage:1 overflow:1
	bbox = (393.3000, 144.9000) - (400.2000, 151.8000) on Layer -
violation type: Vertical congestion
	srcs: net:RV_TO_DAC\[3\]
	comment: capacity:0 usage:1 overflow:1
	bbox = (393.3000, 193.2000) - (400.2000, 200.1000) on Layer -
violation type: Vertical congestion
	srcs: net:RV_TO_DAC\[3\]
	comment: capacity:0 usage:1 overflow:1
	bbox = (393.3000, 200.1000) - (400.2000, 207.0000) on Layer -
violation type: Vertical congestion
	srcs: net:RV_TO_DAC\[3\]
	comment: capacity:0 usage:1 overflow:1
	bbox = (393.3000, 351.9000) - (400.2000, 358.8000) on Layer -
violation type: Vertical congestion
	srcs: net:RV_TO_DAC\[3\]
	comment: capacity:0 usage:1 overflow:1
	bbox = (393.3000, 483.0000) - (400.2000, 489.9000) on Layer -
violation type: Vertical congestion
	srcs: net:RV_TO_DAC\[3\]
	comment: capacity:0 usage:1 overflow:1
	bbox = (393.3000, 552.0000) - (400.2000, 558.9000) on Layer -
violation type: Vertical congestion
	srcs: net:RV_TO_DAC\[3\]
	comment: capacity:0 usage:1 overflow:1
	bbox = (393.3000, 427.8000) - (400.2000, 434.7000) on Layer -
violation type: Vertical congestion
	srcs: net:RV_TO_DAC\[8\]
	comment: capacity:0 usage:1 overflow:1
	bbox = (1076.4000, 510.6000) - (1083.3000, 517.5000) on Layer -
violation type: Vertical congestion
	srcs: net:RV_TO_DAC\[3\]
	comment: capacity:0 usage:1 overflow:1
	bbox = (393.3000, 220.8000) - (400.2000, 227.7000) on Layer -
violation type: Vertical congestion
	srcs: net:RV_TO_DAC\[3\]
	comment: capacity:0 usage:1 overflow:1
	bbox = (393.3000, 213.9000) - (400.2000, 220.8000) on Layer -
violation type: Vertical congestion
	srcs: net:RV_TO_DAC\[3\]
	comment: capacity:0 usage:1 overflow:1
	bbox = (393.3000, 420.9000) - (400.2000, 427.8000) on Layer -
violation type: Vertical congestion
	srcs: net:RV_TO_DAC\[3\]
	comment: capacity:0 usage:1 overflow:1
	bbox = (393.3000, 393.3000) - (400.2000, 400.2000) on Layer -
violation type: Vertical congestion
	srcs: net:RV_TO_DAC\[3\]
	comment: capacity:0 usage:1 overflow:1
	bbox = (393.3000, 234.6000) - (400.2000, 241.5000) on Layer -
violation type: Vertical congestion
	srcs: net:RV_TO_DAC\[3\]
	comment: capacity:0 usage:1 overflow:1
	bbox = (393.3000, 310.5000) - (400.2000, 317.4000) on Layer -
violation type: Vertical congestion
	srcs: net:RV_TO_DAC\[8\]
	comment: capacity:0 usage:1 overflow:1
	bbox = (1076.4000, 552.0000) - (1083.3000, 558.9000) on Layer -
violation type: Vertical congestion
	srcs: net:RV_TO_DAC\[3\]
	comment: capacity:0 usage:1 overflow:1
	bbox = (393.3000, 262.2000) - (400.2000, 269.1000) on Layer -
violation type: Vertical congestion
	srcs: net:RV_TO_DAC\[3\]
	comment: capacity:0 usage:1 overflow:1
	bbox = (393.3000, 317.4000) - (400.2000, 324.3000) on Layer -
violation type: Vertical congestion
	srcs: net:RV_TO_DAC\[3\]
	comment: capacity:0 usage:1 overflow:1
	bbox = (393.3000, 282.9000) - (400.2000, 289.8000) on Layer -
violation type: Vertical congestion
	srcs: net:RV_TO_DAC\[3\]
	comment: capacity:0 usage:1 overflow:1
	bbox = (393.3000, 338.1000) - (400.2000, 345.0000) on Layer -
violation type: Vertical congestion
	srcs: net:RV_TO_DAC\[3\]
	comment: capacity:0 usage:1 overflow:1
	bbox = (393.3000, 269.1000) - (400.2000, 276.0000) on Layer -
violation type: Vertical congestion
	srcs: net:RV_TO_DAC\[3\]
	comment: capacity:0 usage:1 overflow:1
	bbox = (393.3000, 303.6000) - (400.2000, 310.5000) on Layer -
violation type: Vertical congestion
	srcs: net:RV_TO_DAC\[3\]
	comment: capacity:0 usage:1 overflow:1
	bbox = (393.3000, 255.3000) - (400.2000, 262.2000) on Layer -
violation type: Vertical congestion
	srcs: net:RV_TO_DAC\[3\]
	comment: capacity:0 usage:1 overflow:1
	bbox = (393.3000, 172.5000) - (400.2000, 179.4000) on Layer -
violation type: Vertical congestion
	srcs: net:RV_TO_DAC\[3\]
	comment: capacity:0 usage:1 overflow:1
	bbox = (393.3000, 331.2000) - (400.2000, 338.1000) on Layer -
violation type: Vertical congestion
	srcs: net:RV_TO_DAC\[3\]
	comment: capacity:0 usage:1 overflow:1
	bbox = (393.3000, 524.4000) - (400.2000, 531.3000) on Layer -
violation type: Vertical congestion
	srcs: net:RV_TO_DAC\[3\]
	comment: capacity:0 usage:1 overflow:1
	bbox = (393.3000, 510.6000) - (400.2000, 517.5000) on Layer -
violation type: Vertical congestion
	srcs: net:RV_TO_DAC\[3\]
	comment: capacity:0 usage:1 overflow:1
	bbox = (393.3000, 503.7000) - (400.2000, 510.6000) on Layer -
violation type: Vertical congestion
	srcs: net:RV_TO_DAC\[3\]
	comment: capacity:0 usage:1 overflow:1
	bbox = (393.3000, 89.7000) - (400.2000, 96.6000) on Layer -
violation type: Vertical congestion
	srcs: net:RV_TO_DAC\[3\]
	comment: capacity:0 usage:1 overflow:1
	bbox = (393.3000, 414.0000) - (400.2000, 420.9000) on Layer -
violation type: Vertical congestion
	srcs: net:RV_TO_DAC\[3\]
	comment: capacity:0 usage:1 overflow:1
	bbox = (393.3000, 131.1000) - (400.2000, 138.0000) on Layer -
violation type: Vertical congestion
	srcs: net:RV_TO_DAC\[3\]
	comment: capacity:0 usage:1 overflow:1
	bbox = (393.3000, 165.6000) - (400.2000, 172.5000) on Layer -
violation type: Vertical congestion
	srcs: net:RV_TO_DAC\[3\]
	comment: capacity:0 usage:1 overflow:1
	bbox = (393.3000, 324.3000) - (400.2000, 331.2000) on Layer -
violation type: Vertical congestion
	srcs: net:RV_TO_DAC\[3\]
	comment: capacity:0 usage:1 overflow:1
	bbox = (393.3000, 455.4000) - (400.2000, 462.3000) on Layer -
violation type: Vertical congestion
	srcs: net:RV_TO_DAC\[8\]
	comment: capacity:0 usage:1 overflow:1
	bbox = (1076.4000, 538.2000) - (1083.3000, 545.1000) on Layer -
violation type: Vertical congestion
	srcs: net:RV_TO_DAC\[3\]
	comment: capacity:0 usage:1 overflow:1
	bbox = (393.3000, 110.4000) - (400.2000, 117.3000) on Layer -
violation type: Vertical congestion
	srcs: net:RV_TO_DAC\[3\]
	comment: capacity:0 usage:1 overflow:1
	bbox = (393.3000, 186.3000) - (400.2000, 193.2000) on Layer -
violation type: Vertical congestion
	srcs: net:RV_TO_DAC\[3\]
	comment: capacity:0 usage:1 overflow:1
	bbox = (393.3000, 400.2000) - (400.2000, 407.1000) on Layer -
violation type: Vertical congestion
	srcs: net:RV_TO_DAC\[3\]
	comment: capacity:0 usage:1 overflow:1
	bbox = (393.3000, 531.3000) - (400.2000, 538.2000) on Layer -
violation type: Vertical congestion
	srcs: net:RV_TO_DAC\[3\]
	comment: capacity:0 usage:1 overflow:1
	bbox = (393.3000, 158.7000) - (400.2000, 165.6000) on Layer -
violation type: Vertical congestion
	srcs: net:RV_TO_DAC\[3\]
	comment: capacity:0 usage:1 overflow:1
	bbox = (393.3000, 496.8000) - (400.2000, 503.7000) on Layer -
violation type: Vertical congestion
	srcs: net:RV_TO_DAC\[3\]
	comment: capacity:0 usage:1 overflow:1
	bbox = (393.3000, 207.0000) - (400.2000, 213.9000) on Layer -
violation type: Vertical congestion
	srcs: net:RV_TO_DAC\[3\]
	comment: capacity:0 usage:1 overflow:1
	bbox = (393.3000, 448.5000) - (400.2000, 455.4000) on Layer -
violation type: Vertical congestion
	srcs: net:RV_TO_DAC\[3\]
	comment: capacity:0 usage:1 overflow:1
	bbox = (393.3000, 248.4000) - (400.2000, 255.3000) on Layer -
violation type: Vertical congestion
	srcs: net:RV_TO_DAC\[3\]
	comment: capacity:0 usage:1 overflow:1
	bbox = (393.3000, 276.0000) - (400.2000, 282.9000) on Layer -
violation type: Vertical congestion
	srcs: net:RV_TO_DAC\[3\]
	comment: capacity:0 usage:1 overflow:1
	bbox = (393.3000, 179.4000) - (400.2000, 186.3000) on Layer -
violation type: Vertical congestion
	srcs: net:RV_TO_DAC\[3\]
	comment: capacity:0 usage:1 overflow:1
	bbox = (393.3000, 545.1000) - (400.2000, 552.0000) on Layer -
violation type: Vertical congestion
	srcs: net:RV_TO_DAC\[3\]
	comment: capacity:0 usage:1 overflow:1
	bbox = (393.3000, 462.3000) - (400.2000, 469.2000) on Layer -
violation type: Vertical congestion
	srcs: net:RV_TO_DAC\[3\]
	comment: capacity:0 usage:1 overflow:1
	bbox = (393.3000, 434.7000) - (400.2000, 441.6000) on Layer -
violation type: Vertical congestion
	srcs: net:RV_TO_DAC\[3\]
	comment: capacity:0 usage:1 overflow:1
	bbox = (393.3000, 517.5000) - (400.2000, 524.4000) on Layer -
violation type: Vertical congestion
	srcs: net:RV_TO_DAC\[3\]
	comment: capacity:0 usage:1 overflow:1
	bbox = (393.3000, 34.5000) - (400.2000, 41.4000) on Layer -
violation type: Vertical congestion
	srcs: net:RV_TO_DAC\[8\]
	comment: capacity:0 usage:1 overflow:1
	bbox = (1076.4000, 517.5000) - (1083.3000, 524.4000) on Layer -
violation type: Vertical congestion
	srcs: net:RV_TO_DAC\[3\]
	comment: capacity:0 usage:1 overflow:1
	bbox = (393.3000, 441.6000) - (400.2000, 448.5000) on Layer -
violation type: Vertical congestion
	srcs: net:RV_TO_DAC\[3\]
	comment: capacity:0 usage:1 overflow:1
	bbox = (393.3000, 407.1000) - (400.2000, 414.0000) on Layer -
violation type: Vertical congestion
	srcs: net:RV_TO_DAC\[3\]
	comment: capacity:0 usage:1 overflow:1
	bbox = (393.3000, 365.7000) - (400.2000, 372.6000) on Layer -
violation type: Vertical congestion
	srcs: net:RV_TO_DAC\[3\]
	comment: capacity:0 usage:1 overflow:1
	bbox = (393.3000, 538.2000) - (400.2000, 545.1000) on Layer -
violation type: Vertical congestion
	srcs: net:RV_TO_DAC\[3\]
	comment: capacity:0 usage:1 overflow:1
	bbox = (393.3000, 96.6000) - (400.2000, 103.5000) on Layer -
violation type: Vertical congestion
	srcs: net:RV_TO_DAC\[3\]
	comment: capacity:0 usage:1 overflow:1
	bbox = (393.3000, 82.8000) - (400.2000, 89.7000) on Layer -
violation type: Vertical congestion
	srcs: net:RV_TO_DAC\[3\]
	comment: capacity:0 usage:1 overflow:1
	bbox = (393.3000, 358.8000) - (400.2000, 365.7000) on Layer -
violation type: Vertical congestion
	srcs: net:RV_TO_DAC\[8\]
	comment: capacity:0 usage:1 overflow:1
	bbox = (1076.4000, 545.1000) - (1083.3000, 552.0000) on Layer -
violation type: Vertical congestion
	srcs: net:RV_TO_DAC\[3\]
	comment: capacity:0 usage:1 overflow:1
	bbox = (393.3000, 138.0000) - (400.2000, 144.9000) on Layer -
violation type: Vertical congestion
	srcs: net:RV_TO_DAC\[3\]
	comment: capacity:0 usage:1 overflow:1
	bbox = (393.3000, 345.0000) - (400.2000, 351.9000) on Layer -
violation type: Vertical congestion
	srcs: net:RV_TO_DAC\[3\]
	comment: capacity:0 usage:1 overflow:1
	bbox = (393.3000, 227.7000) - (400.2000, 234.6000) on Layer -
violation type: Vertical congestion
	srcs: net:RV_TO_DAC\[3\]
	comment: capacity:0 usage:1 overflow:1
	bbox = (393.3000, 476.1000) - (400.2000, 483.0000) on Layer -
violation type: Vertical congestion
	srcs: net:RV_TO_DAC\[3\]
	comment: capacity:0 usage:1 overflow:1
	bbox = (393.3000, 289.8000) - (400.2000, 296.7000) on Layer -
violation type: Vertical congestion
	srcs: net:RV_TO_DAC\[3\]
	comment: capacity:0 usage:1 overflow:1
	bbox = (393.3000, 103.5000) - (400.2000, 110.4000) on Layer -
violation type: Vertical congestion
	srcs: net:RV_TO_DAC\[3\]
	comment: capacity:0 usage:1 overflow:1
	bbox = (393.3000, 124.2000) - (400.2000, 131.1000) on Layer -
violation type: Vertical congestion
	srcs: net:RV_TO_DAC\[8\]
	comment: capacity:0 usage:1 overflow:1
	bbox = (1076.4000, 531.3000) - (1083.3000, 538.2000) on Layer -
violation type: Vertical congestion
	srcs: net:RV_TO_DAC\[3\]
	comment: capacity:0 usage:1 overflow:1
	bbox = (393.3000, 296.7000) - (400.2000, 303.6000) on Layer -
violation type: Vertical congestion
	srcs: net:RV_TO_DAC\[3\]
	comment: capacity:0 usage:1 overflow:1
	bbox = (393.3000, 151.8000) - (400.2000, 158.7000) on Layer -
violation type: Vertical congestion
	srcs: net:RV_TO_DAC\[3\]
	comment: capacity:0 usage:1 overflow:1
	bbox = (393.3000, 379.5000) - (400.2000, 386.4000) on Layer -
violation type: Vertical congestion
	srcs: net:RV_TO_DAC\[3\]
	comment: capacity:0 usage:1 overflow:1
	bbox = (393.3000, 386.4000) - (400.2000, 393.3000) on Layer -
violation type: Vertical congestion
	srcs: net:RV_TO_DAC\[3\]
	comment: capacity:0 usage:1 overflow:1
	bbox = (393.3000, 489.9000) - (400.2000, 496.8000) on Layer -
