violation type: Horizontal congestion
	srcs: net:RV_TO_DAC\[9\]
	comment: capacity:0 usage:1 overflow:1
	bbox = (1124.7000, 524.4000) - (1131.6000, 531.3000) on Layer -
violation type: Horizontal congestion
	srcs: net:RV_TO_DAC\[8\]
	comment: capacity:0 usage:1 overflow:1
	bbox = (1069.5000, 510.6000) - (1076.4000, 517.5000) on Layer -
violation type: Horizontal congestion
	srcs: net:RV_TO_DAC\[9\]
	comment: capacity:0 usage:1 overflow:1
	bbox = (1117.8000, 524.4000) - (1124.7000, 531.3000) on Layer -
violation type: Horizontal congestion
	srcs: net:RV_TO_DAC\[9\]
	comment: capacity:0 usage:1 overflow:1
	bbox = (1145.4000, 524.4000) - (1152.3000, 531.3000) on Layer -
violation type: Horizontal congestion
	srcs: net:RV_TO_DAC\[8\]
	comment: capacity:0 usage:1 overflow:1
	bbox = (1062.6000, 510.6000) - (1069.5000, 517.5000) on Layer -
violation type: Horizontal congestion
	srcs: net:RV_TO_DAC\[9\]
	comment: capacity:0 usage:1 overflow:1
	bbox = (1138.5000, 524.4000) - (1145.4000, 531.3000) on Layer -
violation type: Horizontal congestion
	srcs: net:RV_TO_DAC\[9\]
	comment: capacity:0 usage:1 overflow:1
	bbox = (1131.6000, 524.4000) - (1138.5000, 531.3000) on Layer -
violation type: Horizontal congestion
	srcs: net:RV_TO_DAC\[9\]
	comment: capacity:0 usage:1 overflow:1
	bbox = (1110.9000, 483.0000) - (1117.8000, 489.9000) on Layer -
violation type: Vertical congestion
	srcs: net:RV_TO_DAC\[9\]
	comment: capacity:0 usage:1 overflow:1
	bbox = (1117.8000, 489.9000) - (1124.7000, 496.8000) on Layer -
violation type: Vertical congestion
	srcs: net:RV_TO_DAC\[9\]
	comment: capacity:0 usage:1 overflow:1
	bbox = (1117.8000, 503.7000) - (1124.7000, 510.6000) on Layer -
violation type: Vertical congestion
	srcs: net:RV_TO_DAC\[8\]
	comment: capacity:0 usage:1 overflow:1
	bbox = (1062.6000, 545.1000) - (1069.5000, 552.0000) on Layer -
violation type: Vertical congestion
	srcs: net:RV_TO_DAC\[9\]
	comment: capacity:0 usage:1 overflow:1
	bbox = (1110.9000, 469.2000) - (1117.8000, 476.1000) on Layer -
violation type: Vertical congestion
	srcs: net:RV_TO_DAC\[8\]
	comment: capacity:0 usage:1 overflow:1
	bbox = (1062.6000, 531.3000) - (1069.5000, 538.2000) on Layer -
violation type: Vertical congestion
	srcs: net:RV_TO_DAC\[9\]
	comment: capacity:0 usage:1 overflow:1
	bbox = (1117.8000, 483.0000) - (1124.7000, 489.9000) on Layer -
violation type: Vertical congestion
	srcs: net:RV_TO_DAC\[9\]
	comment: capacity:0 usage:1 overflow:1
	bbox = (1117.8000, 517.5000) - (1124.7000, 524.4000) on Layer -
violation type: Vertical congestion
	srcs: net:RV_TO_DAC\[9\]
	comment: capacity:0 usage:1 overflow:1
	bbox = (1117.8000, 496.8000) - (1124.7000, 503.7000) on Layer -
violation type: Vertical congestion
	srcs: net:RV_TO_DAC\[9\]
	comment: capacity:0 usage:1 overflow:1
	bbox = (1110.9000, 462.3000) - (1117.8000, 469.2000) on Layer -
violation type: Vertical congestion
	srcs: net:RV_TO_DAC\[8\]
	comment: capacity:0 usage:1 overflow:1
	bbox = (1062.6000, 538.2000) - (1069.5000, 545.1000) on Layer -
violation type: Vertical congestion
	srcs: net:RV_TO_DAC\[8\]
	comment: capacity:0 usage:1 overflow:1
	bbox = (1062.6000, 510.6000) - (1069.5000, 517.5000) on Layer -
violation type: Vertical congestion
	srcs: net:RV_TO_DAC\[8\]
	comment: capacity:0 usage:1 overflow:1
	bbox = (1062.6000, 517.5000) - (1069.5000, 524.4000) on Layer -
violation type: Vertical congestion
	srcs: net:RV_TO_DAC\[9\]
	comment: capacity:0 usage:1 overflow:1
	bbox = (1117.8000, 510.6000) - (1124.7000, 517.5000) on Layer -
violation type: Vertical congestion
	srcs: net:RV_TO_DAC\[8\]
	comment: capacity:0 usage:1 overflow:1
	bbox = (1062.6000, 552.0000) - (1069.5000, 558.9000) on Layer -
violation type: Vertical congestion
	srcs: net:RV_TO_DAC\[8\]
	comment: capacity:0 usage:1 overflow:1
	bbox = (1062.6000, 524.4000) - (1069.5000, 531.3000) on Layer -
violation type: Vertical congestion
	srcs: net:RV_TO_DAC\[9\]
	comment: capacity:0 usage:1 overflow:1
	bbox = (1110.9000, 476.1000) - (1117.8000, 483.0000) on Layer -
